NOTICE:  table "sd_gcs_src" does not exist, skipping
[17:04:36] source sd_gcs_src: 10000000 rows
════════ pg → GCS (Parquet), 10,000,000 rows ════════
[17:04:40] apitap: running (16cpu/4g, kill 900s)
RESULT apitap gcs: 10,000,000 rows in 16.3s over 8 pipes
[17:04:57] apitap: rc=0 peak=787MB
VALIDATE apitap: rows=10,000,000 vs src 10,000,000 -> MATCH
[17:05:07] ingestr: running (16cpu/4g, kill 900s)
[PROGRESS] 17:05:52 | Rows: 9,350,000 | Batches: 374 | Rate: 207776 rows/s | CPU: 135.1% | Mem: 1920 MB
[PROGRESS] 17:05:55 | Rows: 9,950,000 | Batches: 398 | Rate: 207284 rows/s | CPU: 135.1% | Mem: 2121 MB
[PROGRESS] 17:05:58 | Rows: 10,000,000 | Batches: 400 | Rate: 196074 rows/s | CPU: 135.7% | Mem: 3735 MB
RESULT ingestr gcs: rc=-9 in 52.4s
[17:06:00] ingestr: rc=247 peak=4096MB
VALIDATE ingestr: FAILED (IOException: IO Error: No files found that match the pattern "s3://apitap-bench-gcs-12424/gsd/ingestr/**/*.parquet"

LINE 1: SELECT count(*), sum(id) FROM read_par)
[17:06:35] dlt: running (16cpu/4g, kill 900s)
2026-08-01 17:12:47,501|[WARNING]|15|124887145710400|dlt|pyarrow.py|convert_array_to_arrow:1136|Default conversion to `string` for `data_type=json` failed. Using fallback strategies.
2026-08-01 17:12:47,551|[WARNING]|15|124887145710400|dlt|pyarrow.py|cast_arrow_array_as_column_schema:1365|Received `data_type='json'`, Arrow nested values require serialization to STRING. They will be JSON-encoded, which may slow extraction. If your destination supports nested types, enable them (`supports_nested_types=True`) and provide a 'json' column with 'x-nested-type' hint to load nested values natively. Otherwise, consider casting to STRING upstream (e.g., in a VIEW).
2026-08-01 17:12:48,056|[WARNING]|15|124887145710400|dlt|extractors.py|_compute_tables:552|In resource: sd_gcs_src, when merging arrow schema with dlt schema, several column hints were different. dlt schema hints were kept and arrow schema and data were unmodified. It is up to destination to coerce the differences when loading. Change log level to INFO for more details.
RESULT dlt gcs: done in 383.3s
[17:13:01] dlt: rc=0 peak=1708MB
VALIDATE dlt: rows=10,000,000 vs src 10,000,000 -> MATCH
GCS SHOWDOWN COMPLETE
